// Jest Snapshot v1, https://goo.gl/fbAQLP

exports[`Movie Details renders 1`] = `
<div
  className="sc-jTzLTM dXWQgN"
>
  <button
    style={
      Object {
        "visibility": "hidden",
      }
    }
  />
  <aside
    className="sc-cSHVUG fYQdoh"
  >
    <div
      className="sc-iwsKbI dBXHBj"
      onClick={undefined}
    >
      <i
        className="fa fa-play sc-gZMcBi cTlzSH"
        onClick={[Function]}
      />
    </div>
  </aside>
  <article
    className="sc-kAzzGY knOsuf"
  >
    <header>
      <div
        className="sc-fjdhpX gddroE"
      >
        <h1
          className="sc-VigVT iqpAPW"
        />
        <i
          className="fa fa-close sc-jzJRlG jpkopr"
          onClick={[Function]}
        />
      </div>
      <h6>
        <span
          className="sc-dnqmqq jzOmvl"
        />
      </h6>
      <h6>
        <span
          className="sc-gqjmRU bZhlDI"
        >
          Audience: 
          <i
            className="fa fa-star-o"
          />
          <i
            className="fa fa-star-o"
          />
          <i
            className="fa fa-star-o"
          />
          <i
            className="fa fa-star-o"
          />
          <i
            className="fa fa-star-o"
          />
        </span>
        <span
          className="sc-gqjmRU bZhlDI"
        >
          Critics: 
          <i
            className="fa fa-star-o"
          />
          <i
            className="fa fa-star-o"
          />
          <i
            className="fa fa-star-o"
          />
          <i
            className="fa fa-star-o"
          />
          <i
            className="fa fa-star-o"
          />
        </span>
      </h6>
    </header>
    <section
      className="sc-chPdSV eJkNci"
    />
    <section
      className="sc-bdVaJa fyrQKn"
    >
      <h6
        className="sc-htpNat jeDJyY"
      >
        <span
          className="sc-bwzfXH fyPPwG"
        >
          Starring:
        </span>
         
        Ben Stiller, Will Ferrell
      </h6>
      <h6
        className="sc-htpNat jeDJyY"
      >
        <span
          className="sc-bwzfXH fyPPwG"
        >
          Director:
        </span>
         
        Todd Phillips
      </h6>
      <h6
        className="sc-htpNat jeDJyY"
      >
        <span
          className="sc-bwzfXH fyPPwG"
        >
          Genres:
        </span>
         
        action, comedy, drama
      </h6>
    </section>
    <section
      className="sc-ifAKCX iGlUin sc-bxivhb iwqtOS"
      onClick={[Function]}
    >
      <i
        className="fa fa-file-video-o sc-EHOje jhGXeA fa-lg"
      />
      <h6>
        /path/to/movie
      </h6>
    </section>
  </article>
</div>
`;
