// Jest Snapshot v1, https://goo.gl/fbAQLP

exports[`ListMeta renders metadata 1`] = `
<section
  className="sc-bdVaJa fyrQKn"
>
  <h6
    className="sc-htpNat jeDJyY"
  >
    <span
      className="sc-bwzfXH fyPPwG"
    >
      Starring:
    </span>
     
    Ben Stiller, Tom Hanks, Jessica Alba
  </h6>
  <h6
    className="sc-htpNat jeDJyY"
  >
    <span
      className="sc-bwzfXH fyPPwG"
    >
      Director:
    </span>
     
    Todd Phillips
  </h6>
  <h6
    className="sc-htpNat jeDJyY"
  >
    <span
      className="sc-bwzfXH fyPPwG"
    >
      Genres:
    </span>
     
    action, comedy, drama
  </h6>
</section>
`;
