// Jest Snapshot v1, https://goo.gl/fbAQLP

exports[`handleCrawlDirectoryEvent calls movie database callback during crawl 1`] = `
Array [
  Array [
    "Old School",
    "Super Troopers",
  ],
  Array [
    "Old School",
    "Super Troopers",
  ],
  Array [
    "Old School",
    "Super Troopers",
  ],
  Array [
    "Old School",
    "Super Troopers",
  ],
  Array [
    "Old School",
    "Super Troopers",
  ],
  Array [
    "Old School",
    "Super Troopers",
  ],
]
`;

exports[`handleCrawlDirectoryEvent calls search directory callback during crawl 1`] = `
Array [
  "__tests__",
  "__fixtures__",
  "empty_movie_files_for_testing",
  "__snapshots__",
]
`;
