// Jest Snapshot v1, https://goo.gl/fbAQLP

exports[`search resolves with metadata on valid search result 1 1`] = `
Object {
  "metadata": Object {
    "actors": Array [
      "<<ACTOR>>",
    ],
    "director": "",
    "genres": Array [
      "<<GENRE>>",
    ],
    "imdbID": "",
    "imdbRating": "",
    "imgUrl": "",
    "metascore": "",
    "plot": "",
    "rated": "<<RATED>>",
    "runtime": "",
    "title": "<<TITLE>>",
    "year": "<<RELEASE YEAR>>",
  },
  "url": "http://www.omdbapi.com/?apikey=testkey&s=Old%20School",
}
`;

exports[`search resolves with metadata on valid search result 2 1`] = `
Object {
  "actors": Array [
    "bruce willis",
    "milla jovovich",
  ],
  "director": "Luc Besson",
  "genres": Array [
    "action",
    "thriller",
  ],
  "imdbID": "tt456",
  "imdbRating": "7.7/10",
  "imgUrl": "http://thefithelement.com/tt456",
  "metascore": "72",
  "plot": "Best movie ever",
  "rated": "R",
  "runtime": "127m",
  "title": "The Fifth Element",
  "year": "1997",
}
`;
